// Vitest Snapshot v1, https://vitest.dev/guide/snapshot.html

exports[`commerce > 42 > department 1`] = `"Garden"`;

exports[`commerce > 42 > isbn > noArgs 1`] = `"978-0-9751108-6-7"`;

exports[`commerce > 42 > isbn > with space separators 1`] = `"978 0 9751108 6 7"`;

exports[`commerce > 42 > isbn > with variant 10 1`] = `"0-9751108-6-1"`;

exports[`commerce > 42 > isbn > with variant 10 and space separators 1`] = `"0 9751108 6 1"`;

exports[`commerce > 42 > isbn > with variant 13 1`] = `"978-0-9751108-6-7"`;

exports[`commerce > 42 > price > noArgs 1`] = `"375.15"`;

exports[`commerce > 42 > price > with float min and float max option 1`] = `"1.05"`;

exports[`commerce > 42 > price > with max option 1`] = `"501.35"`;

exports[`commerce > 42 > price > with min and max and decimals and symbol option 1`] = `"$68.7275"`;

exports[`commerce > 42 > price > with min and max and decimals option 1`] = `"68.7275"`;

exports[`commerce > 42 > price > with min and max option 1`] = `"68.75"`;

exports[`commerce > 42 > price > with min option 1`] = `"400.85"`;

exports[`commerce > 42 > product 1`] = `"Computer"`;

exports[`commerce > 42 > productAdjective 1`] = `"Handcrafted"`;

exports[`commerce > 42 > productDescription 1`] = `"New ABC 13 9370, 13.3, 5th Gen CoreA5-8250U, 8GB RAM, 256GB SSD, power UHD Graphics, OS 10 Home, OS Office A & J 2016"`;

exports[`commerce > 42 > productMaterial 1`] = `"Frozen"`;

exports[`commerce > 42 > productName 1`] = `"Handcrafted Wooden Sausages"`;

exports[`commerce > 1211 > department 1`] = `"Tools"`;

exports[`commerce > 1211 > isbn > noArgs 1`] = `"978-1-82966-736-0"`;

exports[`commerce > 1211 > isbn > with space separators 1`] = `"978 1 82966 736 0"`;

exports[`commerce > 1211 > isbn > with variant 10 1`] = `"1-82966-736-X"`;

exports[`commerce > 1211 > isbn > with variant 10 and space separators 1`] = `"1 82966 736 X"`;

exports[`commerce > 1211 > isbn > with variant 13 1`] = `"978-1-82966-736-0"`;

exports[`commerce > 1211 > price > noArgs 1`] = `"928.69"`;

exports[`commerce > 1211 > price > with float min and float max option 1`] = `"1.10"`;

exports[`commerce > 1211 > price > with max option 1`] = `"1241.59"`;

exports[`commerce > 1211 > price > with min and max and decimals and symbol option 1`] = `"$96.4269"`;

exports[`commerce > 1211 > price > with min and max and decimals option 1`] = `"96.4269"`;

exports[`commerce > 1211 > price > with min and max option 1`] = `"96.49"`;

exports[`commerce > 1211 > price > with min option 1`] = `"931.59"`;

exports[`commerce > 1211 > product 1`] = `"Towels"`;

exports[`commerce > 1211 > productAdjective 1`] = `"Tasty"`;

exports[`commerce > 1211 > productDescription 1`] = `"The slim & simple Maple Gaming Keyboard from Dev Byte comes with a sleek body and 7- Color RGB LED Back-lighting for smart functionality"`;

exports[`commerce > 1211 > productMaterial 1`] = `"Wooden"`;

exports[`commerce > 1211 > productName 1`] = `"Tasty Steel Cheese"`;

exports[`commerce > 1337 > department 1`] = `"Computers"`;

exports[`commerce > 1337 > isbn > noArgs 1`] = `"978-0-12-435297-1"`;

exports[`commerce > 1337 > isbn > with space separators 1`] = `"978 0 12 435297 1"`;

exports[`commerce > 1337 > isbn > with variant 10 1`] = `"0-12-435297-9"`;

exports[`commerce > 1337 > isbn > with variant 10 and space separators 1`] = `"0 12 435297 9"`;

exports[`commerce > 1337 > isbn > with variant 13 1`] = `"978-0-12-435297-1"`;

exports[`commerce > 1337 > price > noArgs 1`] = `"262.79"`;

exports[`commerce > 1337 > price > with float min and float max option 1`] = `"1.09"`;

exports[`commerce > 1337 > price > with max option 1`] = `"351.09"`;

exports[`commerce > 1337 > price > with min and max and decimals and symbol option 1`] = `"$63.1019"`;

exports[`commerce > 1337 > price > with min and max and decimals option 1`] = `"63.1019"`;

exports[`commerce > 1337 > price > with min and max option 1`] = `"63.19"`;

exports[`commerce > 1337 > price > with min option 1`] = `"293.09"`;

exports[`commerce > 1337 > product 1`] = `"Chicken"`;

exports[`commerce > 1337 > productAdjective 1`] = `"Generic"`;

exports[`commerce > 1337 > productDescription 1`] = `"Ergonomic executive chair upholstered in bonded black leather and PVC padded seat and back for all-day comfort and support"`;

exports[`commerce > 1337 > productMaterial 1`] = `"Fresh"`;

exports[`commerce > 1337 > productName 1`] = `"Generic Concrete Chicken"`;
