// Vitest Snapshot v1, https://vitest.dev/guide/snapshot.html

exports[`git > 42 > branch 1`] = `"array-inject"`;

exports[`git > 42 > commitDate > with only Date refDate 1`] = `"Tue Dec 31 15:00:39 2019 +0800"`;

exports[`git > 42 > commitDate > with only number refDate 1`] = `"Tue Dec 31 15:00:39 2019 +0800"`;

exports[`git > 42 > commitDate > with only string refDate 1`] = `"Tue Dec 31 15:00:39 2019 +0800"`;

exports[`git > 42 > commitEntry > with only Date refDate 1`] = `
"commit be4abdd39321ad7d3fe01ffce404f4d6db0906bd
Author: Gregg Beahan III <Gregg.Beahan@hotmail.com>
Date: Tue Dec 31 14:49:14 2019 +0100

    transcode analog sensor
"
`;

exports[`git > 42 > commitEntry > with only number refDate 1`] = `
"commit be4abdd39321ad7d3fe01ffce404f4d6db0906bd
Author: Gregg Beahan III <Gregg.Beahan@hotmail.com>
Date: Tue Dec 31 14:49:14 2019 +0100

    transcode analog sensor
"
`;

exports[`git > 42 > commitEntry > with only string refDate 1`] = `
"commit be4abdd39321ad7d3fe01ffce404f4d6db0906bd
Author: Gregg Beahan III <Gregg.Beahan@hotmail.com>
Date: Tue Dec 31 14:49:14 2019 +0100

    transcode analog sensor
"
`;

exports[`git > 42 > commitMessage 1`] = `"quantify 32-bit capacitor"`;

exports[`git > 42 > commitSha > noArgs 1`] = `"8be4abdd39321ad7d3fe01ffce404f4d6db0906b"`;

exports[`git > 42 > commitSha > with length 7 1`] = `"8be4abd"`;

exports[`git > 42 > commitSha > with length 8 1`] = `"8be4abdd"`;

exports[`git > 1211 > branch 1`] = `"capacitor-input"`;

exports[`git > 1211 > commitDate > with only Date refDate 1`] = `"Tue Dec 31 01:42:55 2019 +0000"`;

exports[`git > 1211 > commitDate > with only number refDate 1`] = `"Tue Dec 31 01:42:55 2019 +0000"`;

exports[`git > 1211 > commitDate > with only string refDate 1`] = `"Tue Dec 31 01:42:55 2019 +0000"`;

exports[`git > 1211 > commitEntry > with only Date refDate 1`] = `
"commit adb42f0e3f4a973fab0aeefce96dfcf49cd438df
Author: Imani Anderson <Imani22@hotmail.com>
Date: Tue Dec 31 10:07:32 2019 -0400

    copy intelligent interface
"
`;

exports[`git > 1211 > commitEntry > with only number refDate 1`] = `
"commit adb42f0e3f4a973fab0aeefce96dfcf49cd438df
Author: Imani Anderson <Imani22@hotmail.com>
Date: Tue Dec 31 10:07:32 2019 -0400

    copy intelligent interface
"
`;

exports[`git > 1211 > commitEntry > with only string refDate 1`] = `
"commit adb42f0e3f4a973fab0aeefce96dfcf49cd438df
Author: Imani Anderson <Imani22@hotmail.com>
Date: Tue Dec 31 10:07:32 2019 -0400

    copy intelligent interface
"
`;

exports[`git > 1211 > commitMessage 1`] = `"train heuristic circuit"`;

exports[`git > 1211 > commitSha > noArgs 1`] = `"eadb42f0e3f4a973fab0aeefce96dfcf49cd438d"`;

exports[`git > 1211 > commitSha > with length 7 1`] = `"eadb42f"`;

exports[`git > 1211 > commitSha > with length 8 1`] = `"eadb42f0"`;

exports[`git > 1337 > branch 1`] = `"port-reboot"`;

exports[`git > 1337 > commitDate > with only Date refDate 1`] = `"Tue Dec 31 17:42:40 2019 +0200"`;

exports[`git > 1337 > commitDate > with only number refDate 1`] = `"Tue Dec 31 17:42:40 2019 +0200"`;

exports[`git > 1337 > commitDate > with only string refDate 1`] = `"Tue Dec 31 17:42:40 2019 +0200"`;

exports[`git > 1337 > commitEntry > with only Date refDate 1`] = `
"commit c346ba075bd57f5a62b82d72af39cbbb07a98cba
Author: Miss Friedrich Krajcik <Friedrich41@gmail.com>
Date: Tue Dec 31 04:18:56 2019 -0700

    train cybernetic capacitor
"
`;

exports[`git > 1337 > commitEntry > with only number refDate 1`] = `
"commit c346ba075bd57f5a62b82d72af39cbbb07a98cba
Author: Miss Friedrich Krajcik <Friedrich41@gmail.com>
Date: Tue Dec 31 04:18:56 2019 -0700

    train cybernetic capacitor
"
`;

exports[`git > 1337 > commitEntry > with only string refDate 1`] = `
"commit c346ba075bd57f5a62b82d72af39cbbb07a98cba
Author: Miss Friedrich Krajcik <Friedrich41@gmail.com>
Date: Tue Dec 31 04:18:56 2019 -0700

    train cybernetic capacitor
"
`;

exports[`git > 1337 > commitMessage 1`] = `"index encrypted panel"`;

exports[`git > 1337 > commitSha > noArgs 1`] = `"5c346ba075bd57f5a62b82d72af39cbbb07a98cb"`;

exports[`git > 1337 > commitSha > with length 7 1`] = `"5c346ba"`;

exports[`git > 1337 > commitSha > with length 8 1`] = `"5c346ba0"`;
