// Vitest Snapshot v1, https://vitest.dev/guide/snapshot.html

exports[`person > 42 > bio > noArgs 1`] = `"{{word.noun}} {{person.bio_supporter}}, {{person.bio_part}} {{internet.emoji}}"`;

exports[`person > 42 > bio > with options 1`] = `"{{person.bio_part}}, {{person.bio_part}}, {{internet.emoji}}"`;

exports[`person > 42 > firstName > noArgs 1`] = `"Garnet"`;

exports[`person > 42 > firstName > with sex 1`] = `"Glen"`;

exports[`person > 42 > fullName > noArgs 1`] = `"Lorene Miller"`;

exports[`person > 42 > fullName > with all (sex) 1`] = `"John Doe"`;

exports[`person > 42 > fullName > with firstName 1`] = `"John Reynolds-Miller"`;

exports[`person > 42 > fullName > with lastName 1`] = `"Lorene Doe"`;

exports[`person > 42 > fullName > with sex 1`] = `"Melanie Reynolds-Miller"`;

exports[`person > 42 > gender 1`] = `"Gender nonconforming"`;

exports[`person > 42 > jobArea 1`] = `"Identity"`;

exports[`person > 42 > jobDescriptor 1`] = `"National"`;

exports[`person > 42 > jobTitle 1`] = `"National Usability Producer"`;

exports[`person > 42 > jobType 1`] = `"Coordinator"`;

exports[`person > 42 > lastName > noArgs 1`] = `"Wiegand"`;

exports[`person > 42 > lastName > with sex 1`] = `"Wiegand"`;

exports[`person > 42 > middleName > noArgs 1`] = `"Greer"`;

exports[`person > 42 > middleName > with sex 1`] = `"Houston"`;

exports[`person > 42 > prefix > noArgs 1`] = `"Miss"`;

exports[`person > 42 > prefix > with sex 1`] = `"Mr."`;

exports[`person > 42 > sex > noArgs 1`] = `"female"`;

exports[`person > 42 > sex > with sex 1`] = `"female"`;

exports[`person > 42 > sexType 1`] = `"female"`;

exports[`person > 42 > suffix > noArgs 1`] = `"III"`;

exports[`person > 42 > suffix > with sex 1`] = `"III"`;

exports[`person > 42 > zodiacSign 1`] = `"Gemini"`;

exports[`person > 1211 > bio > noArgs 1`] = `"{{word.noun}} {{person.bio_supporter}}, {{person.bio_part}}"`;

exports[`person > 1211 > bio > with options 1`] = `"{{word.noun}} {{person.bio_supporter}}, {{person.bio_part}} {{internet.emoji}}"`;

exports[`person > 1211 > firstName > noArgs 1`] = `"Tito"`;

exports[`person > 1211 > firstName > with sex 1`] = `"Percy"`;

exports[`person > 1211 > fullName > noArgs 1`] = `"Darrel Zieme"`;

exports[`person > 1211 > fullName > with all (sex) 1`] = `"John Doe PhD"`;

exports[`person > 1211 > fullName > with firstName 1`] = `"Dr. John Fahey MD"`;

exports[`person > 1211 > fullName > with lastName 1`] = `"Darrel Doe"`;

exports[`person > 1211 > fullName > with sex 1`] = `"Miss Patti Fahey MD"`;

exports[`person > 1211 > gender 1`] = `"Trigender"`;

exports[`person > 1211 > jobArea 1`] = `"Factors"`;

exports[`person > 1211 > jobDescriptor 1`] = `"Chief"`;

exports[`person > 1211 > jobTitle 1`] = `"Chief Interactions Manager"`;

exports[`person > 1211 > jobType 1`] = `"Representative"`;

exports[`person > 1211 > lastName > noArgs 1`] = `"Trantow"`;

exports[`person > 1211 > lastName > with sex 1`] = `"Trantow"`;

exports[`person > 1211 > middleName > noArgs 1`] = `"Sawyer"`;

exports[`person > 1211 > middleName > with sex 1`] = `"Walter"`;

exports[`person > 1211 > prefix > noArgs 1`] = `"Ms."`;

exports[`person > 1211 > prefix > with sex 1`] = `"Dr."`;

exports[`person > 1211 > sex > noArgs 1`] = `"male"`;

exports[`person > 1211 > sex > with sex 1`] = `"male"`;

exports[`person > 1211 > sexType 1`] = `"male"`;

exports[`person > 1211 > suffix > noArgs 1`] = `"DVM"`;

exports[`person > 1211 > suffix > with sex 1`] = `"DVM"`;

exports[`person > 1211 > zodiacSign 1`] = `"Capricorn"`;

exports[`person > 1337 > bio > noArgs 1`] = `"{{person.bio_part}}, {{internet.emoji}}"`;

exports[`person > 1337 > bio > with options 1`] = `"{{person.bio_part}}, {{person.bio_part}}, {{internet.emoji}}"`;

exports[`person > 1337 > firstName > noArgs 1`] = `"Devyn"`;

exports[`person > 1337 > firstName > with sex 1`] = `"Ray"`;

exports[`person > 1337 > fullName > noArgs 1`] = `"Marilyn Koelpin"`;

exports[`person > 1337 > fullName > with all (sex) 1`] = `"John Doe"`;

exports[`person > 1337 > fullName > with firstName 1`] = `"John Gottlieb"`;

exports[`person > 1337 > fullName > with lastName 1`] = `"Marilyn Doe"`;

exports[`person > 1337 > fullName > with sex 1`] = `"Esther Gottlieb"`;

exports[`person > 1337 > gender 1`] = `"Demigender"`;

exports[`person > 1337 > jobArea 1`] = `"Functionality"`;

exports[`person > 1337 > jobDescriptor 1`] = `"Future"`;

exports[`person > 1337 > jobTitle 1`] = `"Future Marketing Engineer"`;

exports[`person > 1337 > jobType 1`] = `"Engineer"`;

exports[`person > 1337 > lastName > noArgs 1`] = `"Cronin"`;

exports[`person > 1337 > lastName > with sex 1`] = `"Cronin"`;

exports[`person > 1337 > middleName > noArgs 1`] = `"Dakota"`;

exports[`person > 1337 > middleName > with sex 1`] = `"Ethan"`;

exports[`person > 1337 > prefix > noArgs 1`] = `"Miss"`;

exports[`person > 1337 > prefix > with sex 1`] = `"Mr."`;

exports[`person > 1337 > sex > noArgs 1`] = `"female"`;

exports[`person > 1337 > sex > with sex 1`] = `"female"`;

exports[`person > 1337 > sexType 1`] = `"female"`;

exports[`person > 1337 > suffix > noArgs 1`] = `"I"`;

exports[`person > 1337 > suffix > with sex 1`] = `"I"`;

exports[`person > 1337 > zodiacSign 1`] = `"Taurus"`;
