// Vitest Snapshot v1, https://vitest.dev/guide/snapshot.html

exports[`system > 42 > commonFileExt 1`] = `"png"`;

exports[`system > 42 > commonFileName > noArgs 1`] = `"unnaturally_dreamily.mp2"`;

exports[`system > 42 > commonFileName > with extension 1`] = `"unnaturally_dreamily.ext"`;

exports[`system > 42 > commonFileType 1`] = `"audio"`;

exports[`system > 42 > cron > noArgs 1`] = `"* * ? 8 ?"`;

exports[`system > 42 > cron > with includeNonStandard false 1`] = `"* * ? 8 ?"`;

exports[`system > 42 > cron > with includeNonStandard true 1`] = `"* * ? 8 ?"`;

exports[`system > 42 > cron > with includeYear false 1`] = `"* * ? 8 ?"`;

exports[`system > 42 > cron > with includeYear true 1`] = `"* * ? 8 ? *"`;

exports[`system > 42 > directoryPath 1`] = `"/opt/bin"`;

exports[`system > 42 > fileExt > noArgs 1`] = `"docx"`;

exports[`system > 42 > fileExt > with mimeType 1`] = `"json"`;

exports[`system > 42 > fileName > noArgs 1`] = `"unnaturally_dreamily.iso"`;

exports[`system > 42 > fileName > with extensionCount 1`] = `"unnaturally_dreamily.iso.xlw"`;

exports[`system > 42 > fileName > with extensionCount range 1`] = `"unnaturally_dreamily"`;

exports[`system > 42 > filePath 1`] = `"/opt/bin/supposing_dreamily_easel.xlsx"`;

exports[`system > 42 > fileType 1`] = `"font"`;

exports[`system > 42 > mimeType 1`] = `"application/x-bzip"`;

exports[`system > 42 > networkInterface > noArgs 1`] = `"wlp5s1f0"`;

exports[`system > 42 > networkInterface > with {"interfaceSchema":"index"} 1`] = `"wlo9"`;

exports[`system > 42 > networkInterface > with {"interfaceSchema":"mac"} 1`] = `"wlxfb9220d9b0fd"`;

exports[`system > 42 > networkInterface > with {"interfaceSchema":"pci"} 1`] = `"wlp7s5f1d8"`;

exports[`system > 42 > networkInterface > with {"interfaceSchema":"slot"} 1`] = `"wls9"`;

exports[`system > 42 > networkInterface > with {"interfaceType":"en","interfaceSchema":"index"} 1`] = `"eno3"`;

exports[`system > 42 > networkInterface > with {"interfaceType":"en","interfaceSchema":"mac"} 1`] = `"enx5fb9220d9b0f"`;

exports[`system > 42 > networkInterface > with {"interfaceType":"en","interfaceSchema":"pci"} 1`] = `"P9enp7s5f1d8"`;

exports[`system > 42 > networkInterface > with {"interfaceType":"en","interfaceSchema":"slot"} 1`] = `"ens3"`;

exports[`system > 42 > networkInterface > with {"interfaceType":"en"} 1`] = `"ens9"`;

exports[`system > 42 > networkInterface > with {"interfaceType":"wl","interfaceSchema":"index"} 1`] = `"wlo3"`;

exports[`system > 42 > networkInterface > with {"interfaceType":"wl","interfaceSchema":"mac"} 1`] = `"wlx5fb9220d9b0f"`;

exports[`system > 42 > networkInterface > with {"interfaceType":"wl","interfaceSchema":"pci"} 1`] = `"P9wlp7s5f1d8"`;

exports[`system > 42 > networkInterface > with {"interfaceType":"wl","interfaceSchema":"slot"} 1`] = `"wls3"`;

exports[`system > 42 > networkInterface > with {"interfaceType":"wl"} 1`] = `"wls9"`;

exports[`system > 42 > networkInterface > with {"interfaceType":"ww","interfaceSchema":"index"} 1`] = `"wwo3"`;

exports[`system > 42 > networkInterface > with {"interfaceType":"ww","interfaceSchema":"mac"} 1`] = `"wwx5fb9220d9b0f"`;

exports[`system > 42 > networkInterface > with {"interfaceType":"ww","interfaceSchema":"pci"} 1`] = `"P9wwp7s5f1d8"`;

exports[`system > 42 > networkInterface > with {"interfaceType":"ww","interfaceSchema":"slot"} 1`] = `"wws3"`;

exports[`system > 42 > networkInterface > with {"interfaceType":"ww"} 1`] = `"wws9"`;

exports[`system > 42 > networkInterface > with {} 1`] = `"wlp5s1f0"`;

exports[`system > 42 > semver 1`] = `"3.9.7"`;

exports[`system > 1211 > commonFileExt 1`] = `"shtml"`;

exports[`system > 1211 > commonFileName > noArgs 1`] = `"gripping_unnaturally_phew.png"`;

exports[`system > 1211 > commonFileName > with extension 1`] = `"gripping_unnaturally_phew.ext"`;

exports[`system > 1211 > commonFileType 1`] = `"application"`;

exports[`system > 1211 > cron > noArgs 1`] = `"55 * ? * *"`;

exports[`system > 1211 > cron > with includeNonStandard false 1`] = `"55 * ? * *"`;

exports[`system > 1211 > cron > with includeNonStandard true 1`] = `"55 * ? * *"`;

exports[`system > 1211 > cron > with includeYear false 1`] = `"55 * ? * *"`;

exports[`system > 1211 > cron > with includeYear true 1`] = `"55 * ? * * *"`;

exports[`system > 1211 > directoryPath 1`] = `"/var/log"`;

exports[`system > 1211 > fileExt > noArgs 1`] = `"mp4"`;

exports[`system > 1211 > fileExt > with mimeType 1`] = `"map"`;

exports[`system > 1211 > fileName > noArgs 1`] = `"gripping_unnaturally_phew.vst"`;

exports[`system > 1211 > fileName > with extensionCount 1`] = `"gripping_unnaturally_phew.vst.mpg4"`;

exports[`system > 1211 > fileName > with extensionCount range 1`] = `"gripping_unnaturally_phew.mpg4"`;

exports[`system > 1211 > filePath 1`] = `"/var/log/recess_tinted_grant.mpg4"`;

exports[`system > 1211 > fileType 1`] = `"video"`;

exports[`system > 1211 > mimeType 1`] = `"video/mp2t"`;

exports[`system > 1211 > networkInterface > noArgs 1`] = `"P9wwp6s6d6"`;

exports[`system > 1211 > networkInterface > with {"interfaceSchema":"index"} 1`] = `"wwo8"`;

exports[`system > 1211 > networkInterface > with {"interfaceSchema":"mac"} 1`] = `"wwxe3faac5bdcad"`;

exports[`system > 1211 > networkInterface > with {"interfaceSchema":"pci"} 1`] = `"wwp2s9"`;

exports[`system > 1211 > networkInterface > with {"interfaceSchema":"slot"} 1`] = `"wws8f9"`;

exports[`system > 1211 > networkInterface > with {"interfaceType":"en","interfaceSchema":"index"} 1`] = `"eno9"`;

exports[`system > 1211 > networkInterface > with {"interfaceType":"en","interfaceSchema":"mac"} 1`] = `"enxee3faac5bdca"`;

exports[`system > 1211 > networkInterface > with {"interfaceType":"en","interfaceSchema":"pci"} 1`] = `"enp8s2"`;

exports[`system > 1211 > networkInterface > with {"interfaceType":"en","interfaceSchema":"slot"} 1`] = `"ens9d9"`;

exports[`system > 1211 > networkInterface > with {"interfaceType":"en"} 1`] = `"enp2s9"`;

exports[`system > 1211 > networkInterface > with {"interfaceType":"wl","interfaceSchema":"index"} 1`] = `"wlo9"`;

exports[`system > 1211 > networkInterface > with {"interfaceType":"wl","interfaceSchema":"mac"} 1`] = `"wlxee3faac5bdca"`;

exports[`system > 1211 > networkInterface > with {"interfaceType":"wl","interfaceSchema":"pci"} 1`] = `"wlp8s2"`;

exports[`system > 1211 > networkInterface > with {"interfaceType":"wl","interfaceSchema":"slot"} 1`] = `"wls9d9"`;

exports[`system > 1211 > networkInterface > with {"interfaceType":"wl"} 1`] = `"wlp2s9"`;

exports[`system > 1211 > networkInterface > with {"interfaceType":"ww","interfaceSchema":"index"} 1`] = `"wwo9"`;

exports[`system > 1211 > networkInterface > with {"interfaceType":"ww","interfaceSchema":"mac"} 1`] = `"wwxee3faac5bdca"`;

exports[`system > 1211 > networkInterface > with {"interfaceType":"ww","interfaceSchema":"pci"} 1`] = `"wwp8s2"`;

exports[`system > 1211 > networkInterface > with {"interfaceType":"ww","interfaceSchema":"slot"} 1`] = `"wws9d9"`;

exports[`system > 1211 > networkInterface > with {"interfaceType":"ww"} 1`] = `"wwp2s9"`;

exports[`system > 1211 > networkInterface > with {} 1`] = `"P9wwp6s6d6"`;

exports[`system > 1211 > semver 1`] = `"9.8.2"`;

exports[`system > 1337 > commonFileExt 1`] = `"wav"`;

exports[`system > 1337 > commonFileName > noArgs 1`] = `"weedkiller.mp4"`;

exports[`system > 1337 > commonFileName > with extension 1`] = `"weedkiller.ext"`;

exports[`system > 1337 > commonFileType 1`] = `"audio"`;

exports[`system > 1337 > cron > noArgs 1`] = `"* * 9 6 *"`;

exports[`system > 1337 > cron > with includeNonStandard false 1`] = `"* * 9 6 *"`;

exports[`system > 1337 > cron > with includeNonStandard true 1`] = `"@monthly"`;

exports[`system > 1337 > cron > with includeYear false 1`] = `"* * 9 6 *"`;

exports[`system > 1337 > cron > with includeYear true 1`] = `"* * 9 6 * 2004"`;

exports[`system > 1337 > directoryPath 1`] = `"/Library"`;

exports[`system > 1337 > fileExt > noArgs 1`] = `"xul"`;

exports[`system > 1337 > fileExt > with mimeType 1`] = `"json"`;

exports[`system > 1337 > fileName > noArgs 1`] = `"weedkiller.jpe"`;

exports[`system > 1337 > fileName > with extensionCount 1`] = `"weedkiller.jpe.distz"`;

exports[`system > 1337 > fileName > with extensionCount range 1`] = `"weedkiller.distz.rar"`;

exports[`system > 1337 > filePath 1`] = `"/Library/mmm.distz"`;

exports[`system > 1337 > fileType 1`] = `"audio"`;

exports[`system > 1337 > mimeType 1`] = `"application/vnd.oasis.opendocument.text"`;

exports[`system > 1337 > networkInterface > noArgs 1`] = `"eno2"`;

exports[`system > 1337 > networkInterface > with {"interfaceSchema":"index"} 1`] = `"eno1"`;

exports[`system > 1337 > networkInterface > with {"interfaceSchema":"mac"} 1`] = `"enx247584fb16a2"`;

exports[`system > 1337 > networkInterface > with {"interfaceSchema":"pci"} 1`] = `"P2enp4s3d9"`;

exports[`system > 1337 > networkInterface > with {"interfaceSchema":"slot"} 1`] = `"ens1f4d5"`;

exports[`system > 1337 > networkInterface > with {"interfaceType":"en","interfaceSchema":"index"} 1`] = `"eno2"`;

exports[`system > 1337 > networkInterface > with {"interfaceType":"en","interfaceSchema":"mac"} 1`] = `"enx4247584fb16a"`;

exports[`system > 1337 > networkInterface > with {"interfaceType":"en","interfaceSchema":"pci"} 1`] = `"P1enp2s4f5d9"`;

exports[`system > 1337 > networkInterface > with {"interfaceType":"en","interfaceSchema":"slot"} 1`] = `"ens2f2d3"`;

exports[`system > 1337 > networkInterface > with {"interfaceType":"en"} 1`] = `"ens1f4d5"`;

exports[`system > 1337 > networkInterface > with {"interfaceType":"wl","interfaceSchema":"index"} 1`] = `"wlo2"`;

exports[`system > 1337 > networkInterface > with {"interfaceType":"wl","interfaceSchema":"mac"} 1`] = `"wlx4247584fb16a"`;

exports[`system > 1337 > networkInterface > with {"interfaceType":"wl","interfaceSchema":"pci"} 1`] = `"P1wlp2s4f5d9"`;

exports[`system > 1337 > networkInterface > with {"interfaceType":"wl","interfaceSchema":"slot"} 1`] = `"wls2f2d3"`;

exports[`system > 1337 > networkInterface > with {"interfaceType":"wl"} 1`] = `"wls1f4d5"`;

exports[`system > 1337 > networkInterface > with {"interfaceType":"ww","interfaceSchema":"index"} 1`] = `"wwo2"`;

exports[`system > 1337 > networkInterface > with {"interfaceType":"ww","interfaceSchema":"mac"} 1`] = `"wwx4247584fb16a"`;

exports[`system > 1337 > networkInterface > with {"interfaceType":"ww","interfaceSchema":"pci"} 1`] = `"P1wwp2s4f5d9"`;

exports[`system > 1337 > networkInterface > with {"interfaceType":"ww","interfaceSchema":"slot"} 1`] = `"wws2f2d3"`;

exports[`system > 1337 > networkInterface > with {"interfaceType":"ww"} 1`] = `"wws1f4d5"`;

exports[`system > 1337 > networkInterface > with {} 1`] = `"eno2"`;

exports[`system > 1337 > semver 1`] = `"2.1.2"`;
