// Vitest Snapshot v1

exports[`address > 42 > buildingNumber 1`] = `"7917"`;

exports[`address > 42 > cardinalDirection > noArgs 1`] = `"East"`;

exports[`address > 42 > cardinalDirection > with abbr = false 1`] = `"East"`;

exports[`address > 42 > cardinalDirection > with abbr = true 1`] = `"E"`;

exports[`address > 42 > city > noArgs 1`] = `"Port Valentine"`;

exports[`address > 42 > city > with given index 1`] = `"West Peyton"`;

exports[`address > 42 > cityName 1`] = `"Gulfport"`;

exports[`address > 42 > cityPrefix 1`] = `"West"`;

exports[`address > 42 > citySuffix 1`] = `"bury"`;

exports[`address > 42 > country 1`] = `"Haiti"`;

exports[`address > 42 > countryCode > noArgs 1`] = `"GY"`;

exports[`address > 42 > countryCode > with code = alpha-2 1`] = `"GY"`;

exports[`address > 42 > countryCode > with code = alpha-3 1`] = `"SAU"`;

exports[`address > 42 > county 1`] = `"Berkshire"`;

exports[`address > 42 > direction > noArgs 1`] = `"South"`;

exports[`address > 42 > direction > with abbr = false 1`] = `"South"`;

exports[`address > 42 > direction > with abbr = true 1`] = `"S"`;

exports[`address > 42 > latitude > noArgs 1`] = `"-22.5828"`;

exports[`address > 42 > longitude > noArgs 1`] = `"-45.1656"`;

exports[`address > 42 > nearbyGPSCoordinate > near origin 1`] = `
[
  "0.0814",
  "-0.0809",
]
`;

exports[`address > 42 > nearbyGPSCoordinate > noArgs 1`] = `
[
  "-22.5828",
  "106.7555",
]
`;

exports[`address > 42 > ordinalDirection > noArgs 1`] = `"Northwest"`;

exports[`address > 42 > ordinalDirection > with abbr = false 1`] = `"Northwest"`;

exports[`address > 42 > ordinalDirection > with abbr = true 1`] = `"NW"`;

exports[`address > 42 > secondaryAddress 1`] = `"Apt. 791"`;

exports[`address > 42 > state 1`] = `"Maine"`;

exports[`address > 42 > stateAbbr 1`] = `"ME"`;

exports[`address > 42 > street 1`] = `"Peyton Village"`;

exports[`address > 42 > streetAddress > noArgs 1`] = `"7917 Miller Pine"`;

exports[`address > 42 > streetAddress > with useFullAddress = false 1`] = `"7917 Miller Pine"`;

exports[`address > 42 > streetAddress > with useFullAddress = true 1`] = `"7917 Miller Pine Apt. 410"`;

exports[`address > 42 > streetName 1`] = `"Peyton Village"`;

exports[`address > 42 > streetPrefix 1`] = `"b"`;

exports[`address > 42 > streetSuffix 1`] = `"Isle"`;

exports[`address > 42 > timeZone 1`] = `"Europe/Amsterdam"`;

exports[`address > 42 > zipCode > noArgs 1`] = `"79177"`;

exports[`address > 42 > zipCode > with format 1`] = `"379-177"`;

exports[`address > 42 > zipCodeByState > state 1`] = `"79177"`;

exports[`address > 42 > zipCodeByState > state2 1`] = `"79177"`;

exports[`address > 1211 > buildingNumber 1`] = `"487"`;

exports[`address > 1211 > cardinalDirection > noArgs 1`] = `"West"`;

exports[`address > 1211 > cardinalDirection > with abbr = false 1`] = `"West"`;

exports[`address > 1211 > cardinalDirection > with abbr = true 1`] = `"W"`;

exports[`address > 1211 > city > noArgs 1`] = `"La Crosse"`;

exports[`address > 1211 > city > with given index 1`] = `"Fort Jadyn"`;

exports[`address > 1211 > cityName 1`] = `"Urbana"`;

exports[`address > 1211 > cityPrefix 1`] = `"Fort"`;

exports[`address > 1211 > citySuffix 1`] = `"shire"`;

exports[`address > 1211 > country 1`] = `"Uganda"`;

exports[`address > 1211 > countryCode > noArgs 1`] = `"UM"`;

exports[`address > 1211 > countryCode > with code = alpha-2 1`] = `"UM"`;

exports[`address > 1211 > countryCode > with code = alpha-3 1`] = `"IRN"`;

exports[`address > 1211 > county 1`] = `"Cambridgeshire"`;

exports[`address > 1211 > direction > noArgs 1`] = `"Southwest"`;

exports[`address > 1211 > direction > with abbr = false 1`] = `"Southwest"`;

exports[`address > 1211 > direction > with abbr = true 1`] = `"SW"`;

exports[`address > 1211 > latitude > noArgs 1`] = `"77.1337"`;

exports[`address > 1211 > longitude > noArgs 1`] = `"154.2673"`;

exports[`address > 1211 > nearbyGPSCoordinate > near origin 1`] = `
[
  "-0.0287",
  "0.0596",
]
`;

exports[`address > 1211 > nearbyGPSCoordinate > noArgs 1`] = `
[
  "77.1337",
  "-14.7545",
]
`;

exports[`address > 1211 > ordinalDirection > noArgs 1`] = `"Southwest"`;

exports[`address > 1211 > ordinalDirection > with abbr = false 1`] = `"Southwest"`;

exports[`address > 1211 > ordinalDirection > with abbr = true 1`] = `"SW"`;

exports[`address > 1211 > secondaryAddress 1`] = `"Suite 487"`;

exports[`address > 1211 > state 1`] = `"Washington"`;

exports[`address > 1211 > stateAbbr 1`] = `"WA"`;

exports[`address > 1211 > street 1`] = `"Koelpin Turnpike"`;

exports[`address > 1211 > streetAddress > noArgs 1`] = `"487 Breana Wells"`;

exports[`address > 1211 > streetAddress > with useFullAddress = false 1`] = `"487 Breana Wells"`;

exports[`address > 1211 > streetAddress > with useFullAddress = true 1`] = `"487 Breana Wells Apt. 616"`;

exports[`address > 1211 > streetName 1`] = `"Koelpin Turnpike"`;

exports[`address > 1211 > streetPrefix 1`] = `"c"`;

exports[`address > 1211 > streetSuffix 1`] = `"Via"`;

exports[`address > 1211 > timeZone 1`] = `"Asia/Magadan"`;

exports[`address > 1211 > zipCode > noArgs 1`] = `"48721-9061"`;

exports[`address > 1211 > zipCode > with format 1`] = `"948-721"`;

exports[`address > 1211 > zipCodeByState > state 1`] = `"48721-9061"`;

exports[`address > 1211 > zipCodeByState > state2 1`] = `"48721-9061"`;

exports[`address > 1337 > buildingNumber 1`] = `"51225"`;

exports[`address > 1337 > cardinalDirection > noArgs 1`] = `"East"`;

exports[`address > 1337 > cardinalDirection > with abbr = false 1`] = `"East"`;

exports[`address > 1337 > cardinalDirection > with abbr = true 1`] = `"E"`;

exports[`address > 1337 > city > noArgs 1`] = `"New Carmella"`;

exports[`address > 1337 > city > with given index 1`] = `"West Kellen"`;

exports[`address > 1337 > cityName 1`] = `"Dubuque"`;

exports[`address > 1337 > cityPrefix 1`] = `"West"`;

exports[`address > 1337 > citySuffix 1`] = `"boro"`;

exports[`address > 1337 > country 1`] = `"Equatorial Guinea"`;

exports[`address > 1337 > countryCode > noArgs 1`] = `"EH"`;

exports[`address > 1337 > countryCode > with code = alpha-2 1`] = `"EH"`;

exports[`address > 1337 > countryCode > with code = alpha-3 1`] = `"PRI"`;

exports[`address > 1337 > county 1`] = `"Bedfordshire"`;

exports[`address > 1337 > direction > noArgs 1`] = `"South"`;

exports[`address > 1337 > direction > with abbr = false 1`] = `"South"`;

exports[`address > 1337 > direction > with abbr = true 1`] = `"S"`;

exports[`address > 1337 > latitude > noArgs 1`] = `"-42.8356"`;

exports[`address > 1337 > longitude > noArgs 1`] = `"-85.6711"`;

exports[`address > 1337 > nearbyGPSCoordinate > near origin 1`] = `
[
  "0.0806",
  "-0.0061",
]
`;

exports[`address > 1337 > nearbyGPSCoordinate > noArgs 1`] = `
[
  "-42.8356",
  "21.7907",
]
`;

exports[`address > 1337 > ordinalDirection > noArgs 1`] = `"Northwest"`;

exports[`address > 1337 > ordinalDirection > with abbr = false 1`] = `"Northwest"`;

exports[`address > 1337 > ordinalDirection > with abbr = true 1`] = `"NW"`;

exports[`address > 1337 > secondaryAddress 1`] = `"Apt. 512"`;

exports[`address > 1337 > state 1`] = `"Indiana"`;

exports[`address > 1337 > stateAbbr 1`] = `"IN"`;

exports[`address > 1337 > street 1`] = `"Kellen Dam"`;

exports[`address > 1337 > streetAddress > noArgs 1`] = `"51225 Alexys Haven"`;

exports[`address > 1337 > streetAddress > with useFullAddress = false 1`] = `"51225 Alexys Haven"`;

exports[`address > 1337 > streetAddress > with useFullAddress = true 1`] = `"51225 Alexys Haven Apt. 552"`;

exports[`address > 1337 > streetName 1`] = `"Kellen Dam"`;

exports[`address > 1337 > streetPrefix 1`] = `"a"`;

exports[`address > 1337 > streetSuffix 1`] = `"Forks"`;

exports[`address > 1337 > timeZone 1`] = `"Africa/Casablanca"`;

exports[`address > 1337 > zipCode > noArgs 1`] = `"51225"`;

exports[`address > 1337 > zipCode > with format 1`] = `"251-225"`;

exports[`address > 1337 > zipCodeByState > state 1`] = `"51225"`;

exports[`address > 1337 > zipCodeByState > state2 1`] = `"51225"`;
