// Vitest Snapshot v1

exports[`person > 42 > firstName > noArgs 1`] = `"Garnet"`;

exports[`person > 42 > firstName > with sex 1`] = `"Glen"`;

exports[`person > 42 > fullName > noArgs 1`] = `"Sadie Wiegand"`;

exports[`person > 42 > fullName > with all (sex) 1`] = `"John Doe"`;

exports[`person > 42 > fullName > with firstName 1`] = `"John Schinner"`;

exports[`person > 42 > fullName > with lastName 1`] = `"Sadie Doe"`;

exports[`person > 42 > fullName > with sex 1`] = `"Melanie Schinner"`;

exports[`person > 42 > gender 1`] = `"Gender nonconforming"`;

exports[`person > 42 > jobArea 1`] = `"Identity"`;

exports[`person > 42 > jobDescriptor 1`] = `"National"`;

exports[`person > 42 > jobTitle 1`] = `"National Data Representative"`;

exports[`person > 42 > jobType 1`] = `"Coordinator"`;

exports[`person > 42 > lastName > noArgs 1`] = `"Hirthe"`;

exports[`person > 42 > lastName > with sex 1`] = `"Hirthe"`;

exports[`person > 42 > middleName > noArgs 1`] = `"Greer"`;

exports[`person > 42 > middleName > with sex 1`] = `"Houston"`;

exports[`person > 42 > prefix > noArgs 1`] = `"Mrs."`;

exports[`person > 42 > prefix > with sex 1`] = `"Mrs."`;

exports[`person > 42 > sex > noArgs 1`] = `"female"`;

exports[`person > 42 > sex > with sex 1`] = `"female"`;

exports[`person > 42 > sexType 1`] = `"female"`;

exports[`person > 42 > suffix > noArgs 1`] = `"III"`;

exports[`person > 42 > suffix > with sex 1`] = `"III"`;

exports[`person > 1211 > firstName > noArgs 1`] = `"Tito"`;

exports[`person > 1211 > firstName > with sex 1`] = `"Percy"`;

exports[`person > 1211 > fullName > noArgs 1`] = `"Claude Trantow"`;

exports[`person > 1211 > fullName > with all (sex) 1`] = `"John Doe"`;

exports[`person > 1211 > fullName > with firstName 1`] = `"John Koelpin"`;

exports[`person > 1211 > fullName > with lastName 1`] = `"Claude Doe"`;

exports[`person > 1211 > fullName > with sex 1`] = `"Patti Koelpin"`;

exports[`person > 1211 > gender 1`] = `"Trigender"`;

exports[`person > 1211 > jobArea 1`] = `"Factors"`;

exports[`person > 1211 > jobDescriptor 1`] = `"Chief"`;

exports[`person > 1211 > jobTitle 1`] = `"Chief Division Agent"`;

exports[`person > 1211 > jobType 1`] = `"Representative"`;

exports[`person > 1211 > lastName > noArgs 1`] = `"Ward"`;

exports[`person > 1211 > lastName > with sex 1`] = `"Ward"`;

exports[`person > 1211 > middleName > noArgs 1`] = `"Sawyer"`;

exports[`person > 1211 > middleName > with sex 1`] = `"Walter"`;

exports[`person > 1211 > prefix > noArgs 1`] = `"Dr."`;

exports[`person > 1211 > prefix > with sex 1`] = `"Dr."`;

exports[`person > 1211 > sex > noArgs 1`] = `"male"`;

exports[`person > 1211 > sex > with sex 1`] = `"male"`;

exports[`person > 1211 > sexType 1`] = `"male"`;

exports[`person > 1211 > suffix > noArgs 1`] = `"DVM"`;

exports[`person > 1211 > suffix > with sex 1`] = `"DVM"`;

exports[`person > 1337 > firstName > noArgs 1`] = `"Devyn"`;

exports[`person > 1337 > firstName > with sex 1`] = `"Ray"`;

exports[`person > 1337 > fullName > noArgs 1`] = `"Leona Cronin"`;

exports[`person > 1337 > fullName > with all (sex) 1`] = `"John Doe"`;

exports[`person > 1337 > fullName > with firstName 1`] = `"John MacGyver"`;

exports[`person > 1337 > fullName > with lastName 1`] = `"Leona Doe"`;

exports[`person > 1337 > fullName > with sex 1`] = `"Esther MacGyver"`;

exports[`person > 1337 > gender 1`] = `"Demigender"`;

exports[`person > 1337 > jobArea 1`] = `"Functionality"`;

exports[`person > 1337 > jobDescriptor 1`] = `"Future"`;

exports[`person > 1337 > jobTitle 1`] = `"Future Infrastructure Liaison"`;

exports[`person > 1337 > jobType 1`] = `"Engineer"`;

exports[`person > 1337 > lastName > noArgs 1`] = `"Gibson"`;

exports[`person > 1337 > lastName > with sex 1`] = `"Gibson"`;

exports[`person > 1337 > middleName > noArgs 1`] = `"Dakota"`;

exports[`person > 1337 > middleName > with sex 1`] = `"Ethan"`;

exports[`person > 1337 > prefix > noArgs 1`] = `"Mrs."`;

exports[`person > 1337 > prefix > with sex 1`] = `"Mrs."`;

exports[`person > 1337 > sex > noArgs 1`] = `"female"`;

exports[`person > 1337 > sex > with sex 1`] = `"female"`;

exports[`person > 1337 > sexType 1`] = `"female"`;

exports[`person > 1337 > suffix > noArgs 1`] = `"I"`;

exports[`person > 1337 > suffix > with sex 1`] = `"I"`;
