// Vitest Snapshot v1

exports[`system > 42 > commonFileExt 1`] = `"png"`;

exports[`system > 42 > commonFileName > noArgs 1`] = `"lavender_shoes.mpe"`;

exports[`system > 42 > commonFileName > with extension 1`] = `"lavender_shoes.ext"`;

exports[`system > 42 > commonFileType 1`] = `"audio"`;

exports[`system > 42 > cron > noArgs 1`] = `"* 19 * 3 5"`;

exports[`system > 42 > cron > with includeNonStandard false 1`] = `"* 19 * 3 5"`;

exports[`system > 42 > cron > with includeNonStandard true 1`] = `"* 19 * 3 5"`;

exports[`system > 42 > cron > with includeYear false 1`] = `"* 19 * 3 5"`;

exports[`system > 42 > cron > with includeYear true 1`] = `"* 19 * 3 5 2047"`;

exports[`system > 42 > directoryPath 1`] = `"/opt/bin"`;

exports[`system > 42 > fileExt > noArgs 1`] = `"lrm"`;

exports[`system > 42 > fileExt > with mimeType 1`] = `"json"`;

exports[`system > 42 > fileName > noArgs 1`] = `"lavender_shoes.jxsc"`;

exports[`system > 42 > fileName > with extensionCount 1`] = `"lavender_shoes.jxsc.jardiff"`;

exports[`system > 42 > filePath 1`] = `"/opt/bin/comeback_neptunium_hip.ptid"`;

exports[`system > 42 > fileType 1`] = `"image"`;

exports[`system > 42 > mimeType 1`] = `"application/vnd.ibm.rights-management"`;

exports[`system > 42 > networkInterface > noArgs 1`] = `"wlp1s7"`;

exports[`system > 42 > networkInterface > with {"interfaceSchema":"index"} 1`] = `"wlo7"`;

exports[`system > 42 > networkInterface > with {"interfaceSchema":"mac"} 1`] = `"wlxcf2bc9927210"`;

exports[`system > 42 > networkInterface > with {"interfaceSchema":"pci"} 1`] = `"wlp9s1"`;

exports[`system > 42 > networkInterface > with {"interfaceSchema":"slot"} 1`] = `"wls7d7"`;

exports[`system > 42 > networkInterface > with {"interfaceType":"en","interfaceSchema":"index"} 1`] = `"eno3"`;

exports[`system > 42 > networkInterface > with {"interfaceType":"en","interfaceSchema":"mac"} 1`] = `"enx5cf2bc992721"`;

exports[`system > 42 > networkInterface > with {"interfaceType":"en","interfaceSchema":"pci"} 1`] = `"P7enp9s1"`;

exports[`system > 42 > networkInterface > with {"interfaceType":"en","interfaceSchema":"slot"} 1`] = `"ens3"`;

exports[`system > 42 > networkInterface > with {"interfaceType":"en"} 1`] = `"ens7d7"`;

exports[`system > 42 > networkInterface > with {"interfaceType":"wl","interfaceSchema":"index"} 1`] = `"wlo3"`;

exports[`system > 42 > networkInterface > with {"interfaceType":"wl","interfaceSchema":"mac"} 1`] = `"wlx5cf2bc992721"`;

exports[`system > 42 > networkInterface > with {"interfaceType":"wl","interfaceSchema":"pci"} 1`] = `"P7wlp9s1"`;

exports[`system > 42 > networkInterface > with {"interfaceType":"wl","interfaceSchema":"slot"} 1`] = `"wls3"`;

exports[`system > 42 > networkInterface > with {"interfaceType":"wl"} 1`] = `"wls7d7"`;

exports[`system > 42 > networkInterface > with {"interfaceType":"ww","interfaceSchema":"index"} 1`] = `"wwo3"`;

exports[`system > 42 > networkInterface > with {"interfaceType":"ww","interfaceSchema":"mac"} 1`] = `"wwx5cf2bc992721"`;

exports[`system > 42 > networkInterface > with {"interfaceType":"ww","interfaceSchema":"pci"} 1`] = `"P7wwp9s1"`;

exports[`system > 42 > networkInterface > with {"interfaceType":"ww","interfaceSchema":"slot"} 1`] = `"wws3"`;

exports[`system > 42 > networkInterface > with {"interfaceType":"ww"} 1`] = `"wws7d7"`;

exports[`system > 42 > networkInterface > with {} 1`] = `"wlp1s7"`;

exports[`system > 42 > semver 1`] = `"3.7.9"`;

exports[`system > 1211 > commonFileExt 1`] = `"htm"`;

exports[`system > 1211 > commonFileName > noArgs 1`] = `"invoice_cyclocross_assault.mp4"`;

exports[`system > 1211 > commonFileName > with extension 1`] = `"invoice_cyclocross_assault.ext"`;

exports[`system > 1211 > commonFileType 1`] = `"application"`;

exports[`system > 1211 > cron > noArgs 1`] = `"55 * 28 * 1"`;

exports[`system > 1211 > cron > with includeNonStandard false 1`] = `"55 * 28 * 1"`;

exports[`system > 1211 > cron > with includeNonStandard true 1`] = `"55 * 28 * 1"`;

exports[`system > 1211 > cron > with includeYear false 1`] = `"55 * 28 * 1"`;

exports[`system > 1211 > cron > with includeYear true 1`] = `"55 * 28 * 1 *"`;

exports[`system > 1211 > directoryPath 1`] = `"/var/log"`;

exports[`system > 1211 > fileExt > noArgs 1`] = `"dic"`;

exports[`system > 1211 > fileExt > with mimeType 1`] = `"map"`;

exports[`system > 1211 > fileName > noArgs 1`] = `"invoice_cyclocross_assault.z2"`;

exports[`system > 1211 > fileName > with extensionCount 1`] = `"invoice_cyclocross_assault.z2.tsd"`;

exports[`system > 1211 > filePath 1`] = `"/var/log/strictly_rustic.avi"`;

exports[`system > 1211 > fileType 1`] = `"x-shader"`;

exports[`system > 1211 > mimeType 1`] = `"text/vnd.dmclientscript"`;

exports[`system > 1211 > networkInterface > noArgs 1`] = `"wws8d1"`;

exports[`system > 1211 > networkInterface > with {"interfaceSchema":"index"} 1`] = `"wwo4"`;

exports[`system > 1211 > networkInterface > with {"interfaceSchema":"mac"} 1`] = `"wwx7ec32f0a2a3c"`;

exports[`system > 1211 > networkInterface > with {"interfaceSchema":"pci"} 1`] = `"P8wwp7s2f9d6"`;

exports[`system > 1211 > networkInterface > with {"interfaceSchema":"slot"} 1`] = `"wws4"`;

exports[`system > 1211 > networkInterface > with {"interfaceType":"en","interfaceSchema":"index"} 1`] = `"eno9"`;

exports[`system > 1211 > networkInterface > with {"interfaceType":"en","interfaceSchema":"mac"} 1`] = `"enxe7ec32f0a2a3"`;

exports[`system > 1211 > networkInterface > with {"interfaceType":"en","interfaceSchema":"pci"} 1`] = `"enp4s8d1"`;

exports[`system > 1211 > networkInterface > with {"interfaceType":"en","interfaceSchema":"slot"} 1`] = `"ens9f8"`;

exports[`system > 1211 > networkInterface > with {"interfaceType":"en"} 1`] = `"P8enp7s2f9d6"`;

exports[`system > 1211 > networkInterface > with {"interfaceType":"wl","interfaceSchema":"index"} 1`] = `"wlo9"`;

exports[`system > 1211 > networkInterface > with {"interfaceType":"wl","interfaceSchema":"mac"} 1`] = `"wlxe7ec32f0a2a3"`;

exports[`system > 1211 > networkInterface > with {"interfaceType":"wl","interfaceSchema":"pci"} 1`] = `"wlp4s8d1"`;

exports[`system > 1211 > networkInterface > with {"interfaceType":"wl","interfaceSchema":"slot"} 1`] = `"wls9f8"`;

exports[`system > 1211 > networkInterface > with {"interfaceType":"wl"} 1`] = `"P8wlp7s2f9d6"`;

exports[`system > 1211 > networkInterface > with {"interfaceType":"ww","interfaceSchema":"index"} 1`] = `"wwo9"`;

exports[`system > 1211 > networkInterface > with {"interfaceType":"ww","interfaceSchema":"mac"} 1`] = `"wwxe7ec32f0a2a3"`;

exports[`system > 1211 > networkInterface > with {"interfaceType":"ww","interfaceSchema":"pci"} 1`] = `"wwp4s8d1"`;

exports[`system > 1211 > networkInterface > with {"interfaceType":"ww","interfaceSchema":"slot"} 1`] = `"wws9f8"`;

exports[`system > 1211 > networkInterface > with {"interfaceType":"ww"} 1`] = `"P8wwp7s2f9d6"`;

exports[`system > 1211 > networkInterface > with {} 1`] = `"wws8d1"`;

exports[`system > 1211 > semver 1`] = `"9.4.8"`;

exports[`system > 1337 > commonFileExt 1`] = `"wav"`;

exports[`system > 1337 > commonFileName > noArgs 1`] = `"quia.mp2"`;

exports[`system > 1337 > commonFileName > with extension 1`] = `"quia.ext"`;

exports[`system > 1337 > commonFileType 1`] = `"audio"`;

exports[`system > 1337 > cron > noArgs 1`] = `"15 13 5 * *"`;

exports[`system > 1337 > cron > with includeNonStandard false 1`] = `"15 13 5 * *"`;

exports[`system > 1337 > cron > with includeNonStandard true 1`] = `"15 13 5 * *"`;

exports[`system > 1337 > cron > with includeYear false 1`] = `"15 13 5 * *"`;

exports[`system > 1337 > cron > with includeYear true 1`] = `"15 13 5 * * 2029"`;

exports[`system > 1337 > directoryPath 1`] = `"/Library"`;

exports[`system > 1337 > fileExt > noArgs 1`] = `"oa3"`;

exports[`system > 1337 > fileExt > with mimeType 1`] = `"json"`;

exports[`system > 1337 > fileName > noArgs 1`] = `"quia.cmc"`;

exports[`system > 1337 > fileName > with extensionCount 1`] = `"quia.cmc.kml"`;

exports[`system > 1337 > filePath 1`] = `"/Library/duane_fort.wmlc"`;

exports[`system > 1337 > fileType 1`] = `"font"`;

exports[`system > 1337 > mimeType 1`] = `"application/vnd.chipnuts.karaoke-mmd"`;

exports[`system > 1337 > networkInterface > noArgs 1`] = `"enx234870538945"`;

exports[`system > 1337 > networkInterface > with {"interfaceSchema":"index"} 1`] = `"eno5"`;

exports[`system > 1337 > networkInterface > with {"interfaceSchema":"mac"} 1`] = `"enx823487053894"`;

exports[`system > 1337 > networkInterface > with {"interfaceSchema":"pci"} 1`] = `"enp1s2f5d0"`;

exports[`system > 1337 > networkInterface > with {"interfaceSchema":"slot"} 1`] = `"ens5f2d5"`;

exports[`system > 1337 > networkInterface > with {"interfaceType":"en","interfaceSchema":"index"} 1`] = `"eno2"`;

exports[`system > 1337 > networkInterface > with {"interfaceType":"en","interfaceSchema":"mac"} 1`] = `"enx482348705389"`;

exports[`system > 1337 > networkInterface > with {"interfaceType":"en","interfaceSchema":"pci"} 1`] = `"P5enp1s2f5d0"`;

exports[`system > 1337 > networkInterface > with {"interfaceType":"en","interfaceSchema":"slot"} 1`] = `"ens2d2"`;

exports[`system > 1337 > networkInterface > with {"interfaceType":"en"} 1`] = `"ens5f2d5"`;

exports[`system > 1337 > networkInterface > with {"interfaceType":"wl","interfaceSchema":"index"} 1`] = `"wlo2"`;

exports[`system > 1337 > networkInterface > with {"interfaceType":"wl","interfaceSchema":"mac"} 1`] = `"wlx482348705389"`;

exports[`system > 1337 > networkInterface > with {"interfaceType":"wl","interfaceSchema":"pci"} 1`] = `"P5wlp1s2f5d0"`;

exports[`system > 1337 > networkInterface > with {"interfaceType":"wl","interfaceSchema":"slot"} 1`] = `"wls2d2"`;

exports[`system > 1337 > networkInterface > with {"interfaceType":"wl"} 1`] = `"wls5f2d5"`;

exports[`system > 1337 > networkInterface > with {"interfaceType":"ww","interfaceSchema":"index"} 1`] = `"wwo2"`;

exports[`system > 1337 > networkInterface > with {"interfaceType":"ww","interfaceSchema":"mac"} 1`] = `"wwx482348705389"`;

exports[`system > 1337 > networkInterface > with {"interfaceType":"ww","interfaceSchema":"pci"} 1`] = `"P5wwp1s2f5d0"`;

exports[`system > 1337 > networkInterface > with {"interfaceType":"ww","interfaceSchema":"slot"} 1`] = `"wws2d2"`;

exports[`system > 1337 > networkInterface > with {"interfaceType":"ww"} 1`] = `"wws5f2d5"`;

exports[`system > 1337 > networkInterface > with {} 1`] = `"enx234870538945"`;

exports[`system > 1337 > semver 1`] = `"2.5.1"`;

exports[`system > seed: 42 > commonFileExt() 1`] = `"png"`;

exports[`system > seed: 42 > commonFileName() 1`] = `"lavender_shoes.mpe"`;

exports[`system > seed: 42 > commonFileType() 1`] = `"audio"`;

exports[`system > seed: 42 > cron() 1`] = `"* 19 * 3 5"`;

exports[`system > seed: 42 > directoryPath() 1`] = `"/opt/bin"`;

exports[`system > seed: 42 > fileExt() 1`] = `"lrm"`;

exports[`system > seed: 42 > fileName() 1`] = `"lavender_shoes.jxsc"`;

exports[`system > seed: 42 > filePath() 1`] = `"/opt/bin/comeback_neptunium_hip.ptid"`;

exports[`system > seed: 42 > fileType() 1`] = `"image"`;

exports[`system > seed: 42 > mimeType() 1`] = `"application/vnd.ibm.rights-management"`;

exports[`system > seed: 42 > networkInterface() 1`] = `"wlp1s7"`;

exports[`system > seed: 42 > semver() 1`] = `"3.7.9"`;

exports[`system > seed: 1211 > commonFileExt() 1`] = `"htm"`;

exports[`system > seed: 1211 > commonFileName() 1`] = `"invoice_cyclocross_assault.mp4"`;

exports[`system > seed: 1211 > commonFileType() 1`] = `"application"`;

exports[`system > seed: 1211 > cron() 1`] = `"55 * 28 * 1"`;

exports[`system > seed: 1211 > directoryPath() 1`] = `"/var/log"`;

exports[`system > seed: 1211 > fileExt() 1`] = `"dic"`;

exports[`system > seed: 1211 > fileName() 1`] = `"invoice_cyclocross_assault.z2"`;

exports[`system > seed: 1211 > filePath() 1`] = `"/var/log/strictly_rustic.avi"`;

exports[`system > seed: 1211 > fileType() 1`] = `"x-shader"`;

exports[`system > seed: 1211 > mimeType() 1`] = `"text/vnd.dmclientscript"`;

exports[`system > seed: 1211 > networkInterface() 1`] = `"wws8d1"`;

exports[`system > seed: 1211 > semver() 1`] = `"9.4.8"`;

exports[`system > seed: 1337 > commonFileExt() 1`] = `"wav"`;

exports[`system > seed: 1337 > commonFileName() 1`] = `"quia.mp2"`;

exports[`system > seed: 1337 > commonFileType() 1`] = `"audio"`;

exports[`system > seed: 1337 > cron() 1`] = `"15 13 5 * *"`;

exports[`system > seed: 1337 > directoryPath() 1`] = `"/Library"`;

exports[`system > seed: 1337 > fileExt() 1`] = `"oa3"`;

exports[`system > seed: 1337 > fileName() 1`] = `"quia.cmc"`;

exports[`system > seed: 1337 > filePath() 1`] = `"/Library/duane_fort.wmlc"`;

exports[`system > seed: 1337 > fileType() 1`] = `"font"`;

exports[`system > seed: 1337 > mimeType() 1`] = `"application/vnd.chipnuts.karaoke-mmd"`;

exports[`system > seed: 1337 > networkInterface() 1`] = `"enx234870538945"`;

exports[`system > seed: 1337 > semver() 1`] = `"2.5.1"`;
